Command: C:\Users\patkorn\.espressif\python_env\idf5.5_py3.11_env\Scripts\python.exe c:\ESP32\v5.5.1\esp-idf\tools/idf_monitor.py -p com4 -b 115200 --toolchain-prefix xtensa-esp32-elf- --target esp32 --revision 0 C:\Users\patkorn\Week-03-Sensors-and-calibration-II\67030169\build\LED_Blink.elf C:\Users\patkorn\Week-03-Sensors-and-calibration-II\67030169\build\bootloader\bootloader.elf --force-color -m 'C:\Users\patkorn\.espressif\python_env\idf5.5_py3.11_env\Scripts\python.exe' 'c:\ESP32\v5.5.1\esp-idf\tools\idf.py' '-p' 'com4'
t:0x1 (POWERe : 2MB
[0;32mI (44) boot: Enabling RNG early entropy source...[0m
[0;32mI (49) boot: Partition Table:[0m
[0;32mI (51) boot: ## Label            Usage          Type ST Offset   Length[0m
[0;32mI (58) boot:  0 nvs              W�ets Jul 29 2019 12:21:46[0m

rst:0x1 (POWERON_RESET),boot:0x13 (SPI_FAST_FLASH_BOOT)
configsip: 0, SPIWP:0xee
clk_drv:0x00,q_drv:0x00,d_drv:0x00,cs0_drv:0x00,hd_drv:0x00,wp_drv:0x00
mode:DIO, clock div:2
load:0x3fff0030,len:6380
ho 0 tail 12 room 4
load:0x40078000,len:15916
load:0x40080400,len:3860
entry 0x40080638
[0;32mI (29) boot: ESP-IDF v5.5.1 2nd stage bootloader[0m
[0;32mI (29) boot: compile time Jul 14 2026 11:03:23[0m
[0;32mI (29) boot: Multicore bootloader[0m
[0;32mI (31) boot: chip revision: v3.1[0m
[0;32mI (33) boot.esp32: SPI Speed      : 40MHz[0m
[0;32mI (37) boot.esp32: SPI Mode       : DIO[0m
[0;32mI (41) boot.esp32: SPI Flash Size : 2MB[0m
[0;32mI (44) boot: Enabling RNG early entropy source...[0m
[0;32mI (49) boot: Partition Table:[0m
[0;32mI (51) boot: ## Label            Usage          Type ST Offset   Length[0m
[0;32mI (58) boot:  0 nvs              WiFi data        01 02 00009000 00006000[0m
[0;32mI (64) boot:  1 phy_init         RF data          01 01 0000f000 00001000[0m
[0;32mI (71) boot:  2 factory          factory app      00 00 00010000 00100000[0m
[0;32mI (77) boot: End of partition table[0m
[0;32mI (81) esp_image: segment 0: paddr=00010020 vaddr=3f400020 size=0a36ch ( 41836) map[0m
[0;32mI (102) esp_image: segment 1: paddr=0001a394 vaddr=3ffb0000 size=023f8h (  9208) load[0m
[0;32mI (106) esp_image: segment 2: paddr=0001c794 vaddr=40080000 size=03884h ( 14468) load[0m
[0;32mI (112) esp_image: segment 3: paddr=00020020 vaddr=400d0020 size=14a58h ( 84568) map[0m
[0;32mI (143) esp_image: segment 4: paddr=00034a80 vaddr=40083884 size=0972ch ( 38700) load[0m
[0;32mI (158) esp_image: segment 5: paddr=0003e1b4 vaddr=50000000 size=00020h (    32) load[0m
[0;32mI (165) boot: Loaded app from partition at offset 0x10000[0m
[0;32mI (165) boot: Disabling RNG early entropy source...[0m
[0;32mI (176) cpu_start: Multicore app[0m
[0;32mI (185) cpu_start: Pro cpu start user code[0m
[0;32mI (185) cpu_start: cpu freq: 160000000 Hz[0m
[0;32mI (185) app_init: Application information:[0m
[0;32mI (185) app_init: Project name:     LED_Blink[0m
[0;32mI (189) app_init: App version:      76fd201-dirty[0m
[0;32mI (193) app_init: Compile time:     Jul 14 2026 11:02:30[0m
[0;32mI (198) app_init: ELF file SHA256:  184174e6d...[0m
[0;32mI (203) app_init: ESP-IDF:          v5.5.1[0m
[0;32mI (206) efuse_init: Min chip rev:     v0.0[0m
[0;32mI (210) efuse_init: Max chip rev:     v3.99 [0m
[0;32mI (214) efuse_init: Chip rev:         v3.1[0m
[0;32mI (218) heap_init: Initializing. RAM available for dynamic allocation:[0m
[0;32mI (224) heap_init: At 3FFAE6E0 len 00001920 (6 KiB): DRAM[0m
[0;32mI (229) heap_init: At 3FFB2CE8 len 0002D318 (180 KiB): DRAM[0m
[0;32mI (235) heap_init: At 3FFE0440 len 00003AE0 (14 KiB): D/IRAM[0m
[0;32mI (240) heap_init: At 3FFE4350 len 0001BCB0 (111 KiB): D/IRAM[0m
[0;32mI (246) heap_init: At 4008CFB0 len 00013050 (76 KiB): IRAM[0m
[0;32mI (252) spi_flash: detected chip: generic[0m
[0;32mI (254) spi_flash: flash io: dio[0m
[0;33mW (257) spi_flash: Detected size(4096k) larger than the size in the binary image header(2048k). Using the size in the binary image header.[0m
[0;33mW (270) ADC: legacy driver is deprecated, please migrate to `esp_adc/adc_oneshot.h`[0m
[0;32mI (278) main_task: Started on CPU0[0m
[0;32mI (288) main_task: Calling app_main()[0m
ADC Raw = 139, Voltage = 258 mV
ADC Raw = 235, Voltage = 337 mV
ADC Raw = 217, Voltage = 322 mV
ADC Raw = 185, Voltage = 296 mV
ADC Raw = 190, Voltage = 300 mV
ADC Raw = 187, Voltage = 297 mV
ADC Raw = 193, Voltage = 302 mV
ADC Raw = 253, Voltage = 352 mV
ADC Raw = 257, Voltage = 356 mV
ADC Raw = 256, Voltage = 355 mV
ADC Raw = 362, Voltage = 443 mV
ADC Raw = 353, Voltage = 435 mV
ADC Raw = 248, Voltage = 348 mV
ADC Raw = 322, Voltage = 410 mV
ADC Raw = 314, Voltage = 403 mV
ADC Raw = 304, Voltage = 395 mV
ADC Raw = 240, Voltage = 342 mV
ADC Raw = 207, Voltage = 314 mV
ADC Raw = 240, Voltage = 342 mV
ADC Raw = 139, Voltage = 258 mV
ADC Raw = 131, Voltage = 251 mV
ADC Raw = 1678, Voltage = 1537 mV
ADC Raw = 114, Voltage = 237 mV
ADC Raw = 115, Voltage = 238 mV
ADC Raw = 110, Voltage = 233 mV
ADC Raw = 98, Voltage = 223 mV
ADC Raw = 87, Voltage = 214 mV
ADC Raw = 83, Voltage = 211 mV
ADC Raw = 89, Voltage = 216 mV
ADC Raw = 84, Voltage = 212 mV
ADC Raw = 80, Voltage = 209 mV
ADC Raw = 80, Voltage = 209 mV
ADC Raw = 78, Voltage = 207 mV
ADC Raw = 78, Voltage = 207 mV
ADC Raw = 77, Voltage = 206 mV
ADC Raw = 79, Voltage = 208 mV
ADC Raw = 77, Voltage = 206 mV
ADC Raw = 83, Voltage = 211 mV
ADC Raw = 125, Voltage = 246 mV
ADC Raw = 130, Voltage = 250 mV
ADC Raw = 144, Voltage = 262 mV
ADC Raw = 140, Voltage = 258 mV
ADC Raw = 1377, Voltage = 1287 mV
ADC Raw = 528, Voltage = 581 mV
ADC Raw = 185, Voltage = 296 mV
ADC Raw = 192, Voltage = 302 mV
ADC Raw = 202, Voltage = 310 mV
ADC Raw = 208, Voltage = 315 mV
ADC Raw = 218, Voltage = 323 mV
ADC Raw = 214, Voltage = 320 mV
ADC Raw = 208, Voltage = 315 mV
ADC Raw = 223, Voltage = 327 mV
ADC Raw = 218, Voltage = 323 mV
ADC Raw = 208, Voltage = 315 mV
ADC Raw = 209, Voltage = 316 mV
ADC Raw = 208, Voltage = 315 mV
ADC Raw = 203, Voltage = 311 mV
ADC Raw = 605, Voltage = 645 mV
ADC Raw = 189, Voltage = 299 mV
ADC Raw = 149, Voltage = 266 mV
ADC Raw = 210, Voltage = 317 mV
ADC Raw = 209, Voltage = 316 mV
ADC Raw = 208, Voltage = 315 mV
ADC Raw = 208, Voltage = 315 mV
ADC Raw = 203, Voltage = 311 mV
ADC Raw = 208, Voltage = 315 mV
ADC Raw = 205, Voltage = 312 mV
ADC Raw = 208, Voltage = 315 mV
ADC Raw = 198, Voltage = 307 mV
ADC Raw = 199, Voltage = 307 mV
ADC Raw = 199, Voltage = 307 mV
ADC Raw = 203, Voltage = 311 mV
ADC Raw = 194, Voltage = 303 mV
ADC Raw = 195, Voltage = 304 mV
ADC Raw = 174, Voltage = 287 mV
ADC Raw = 144, Voltage = 262 mV
ADC Raw = 190, Voltage = 300 mV
ADC Raw = 190, Voltage = 300 mV
ADC Raw = 215, Voltage = 321 mV
ADC Raw = 275, Voltage = 371 mV
ADC Raw = 258, Voltage = 356 mV
ADC Raw = 238, Voltage = 340 mV
ADC Raw = 221, Voltage = 326 mV
ADC Raw = 211, Voltage = 317 mV
ADC Raw = 208, Voltage = 315 mV
ADC Raw = 195, Voltage = 304 mV
ADC Raw = 192, Voltage = 302 mV
ADC Raw = 192, Voltage = 302 mV
ADC Raw = 191, Voltage = 301 mV
ADC Raw = 191, Voltage = 301 mV
ADC Raw = 179, Voltage = 291 mV
ADC Raw = 183, Voltage = 294 mV
ADC Raw = 187, Voltage = 297 mV
ADC Raw = 192, Voltage = 302 mV
ADC Raw = 214, Voltage = 320 mV
ADC Raw = 249, Voltage = 349 mV
ADC Raw = 270, Voltage = 366 mV
ADC Raw = 208, Voltage = 315 mV
ADC Raw = 207, Voltage = 314 mV
ADC Raw = 210, Voltage = 317 mV
ADC Raw = 208, Voltage = 315 mV
ADC Raw = 207, Voltage = 314 mV
ADC Raw = 208, Voltage = 315 mV
ADC Raw = 208, Voltage = 315 mV
ADC Raw = 208, Voltage = 315 mV
ADC Raw = 201, Voltage = 309 mV
ADC Raw = 199, Voltage = 307 mV
ADC Raw = 193, Voltage = 302 mV
ADC Raw = 187, Voltage = 297 mV
ADC Raw = 192, Voltage = 302 mV
ADC Raw = 189, Voltage = 299 mV
ADC Raw = 186, Voltage = 297 mV
ADC Raw = 187, Voltage = 297 mV
ADC Raw = 191, Voltage = 301 mV
ADC Raw = 185, Voltage = 296 mV
ADC Raw = 181, Voltage = 292 mV
ADC Raw = 179, Voltage = 291 mV
ADC Raw = 177, Voltage = 289 mV
ADC Raw = 177, Voltage = 289 mV
ADC Raw = 195, Voltage = 304 mV
ADC Raw = 206, Voltage = 313 mV
ADC Raw = 200, Voltage = 308 mV
ADC Raw = 211, Voltage = 317 mV
ADC Raw = 208, Voltage = 315 mV
ADC Raw = 229, Voltage = 332 mV
